// Jest Snapshot v1, https://goo.gl/fbAQLP

exports[`should render InfoBox correctly 1`] = `ShallowWrapper {}`;
